// Jest Snapshot v1, https://goo.gl/fbAQLP

exports[`snapshot test 1`] = `
Object {
  "age": 22,
  "class": "BE",
  "name": "john",
}
`;
